
>>> [CLI] bundle validate
Name: test-bundle
Target: default
Workspace:
  User: [USERNAME]
  Path: /Workspace/Users/[USERNAME]/.bundle/test-bundle/default

Validation OK!

>>> print_requests.py --sort --get

>>> [CLI] bundle summary
Name: test-bundle
Target: default
Workspace:
  User: [USERNAME]
  Path: /Workspace/Users/[USERNAME]/.bundle/test-bundle/default
Resources:
  Schemas:
    foo:
      Name: myschema
      URL:  (not deployed)

>>> print_requests.py --sort --get

>>> [CLI] bundle plan
create schemas.foo

Plan: 1 to add, 0 to change, 0 to delete, 0 unchanged

>>> print_requests.py --sort --get

>>> [CLI] bundle deploy
Uploading bundle files to /Workspace/Users/[USERNAME]/.bundle/test-bundle/default/files...
Deploying resources...
Updating deployment state...
Deployment complete!

>>> print_requests.py --sort --get ^//telemetry-ext

>>> [CLI] bundle plan
Plan: 0 to add, 0 to change, 0 to delete, 1 unchanged

>>> print_requests.py --sort --get

>>> [CLI] bundle run foo
Error: resource with key "foo" not found

>>> print_requests.py --sort --get

>>> [CLI] bundle destroy --auto-approve
The following resources will be deleted:
  delete resources.schemas.foo

This action will result in the deletion of the following UC schemas. Any underlying data may be lost:
  delete resources.schemas.foo

All files and directories at the following location will be deleted: /Workspace/Users/[USERNAME]/.bundle/test-bundle/default

Deleting files...
Destroy complete!

>>> print_requests.py --sort --get
