
>>> [CLI] bundle deploy
Uploading 9 files (ignoring 1 by .gitignore) to /Workspace/Users/[USERNAME]/.bundle/partial_run/default/files...
Deploying resources...
Updating deployment state...
Deployment complete!

>>> [CLI] bundle run my_job --only task_1
Run URL: [DATABRICKS_URL]/job/run/[NUMID]

[TIMESTAMP] "run-name" TERMINATED

>>> print_requests
{
  "body": {
    "job_id": [NUMID],
    "only": [
      "task_1"
    ]
  },
  "method": "POST",
  "path": "/api/2.2/jobs/run-now"
}

>>> [CLI] bundle run my_job --only task_1,task_2
Run URL: [DATABRICKS_URL]/job/run/[NUMID]

[TIMESTAMP] "run-name" TERMINATED

>>> print_requests
{
  "body": {
    "job_id": [NUMID],
    "only": [
      "task_1",
      "task_2"
    ]
  },
  "method": "POST",
  "path": "/api/2.2/jobs/run-now"
}

>>> [CLI] bundle run my_job
Run URL: [DATABRICKS_URL]/job/run/[NUMID]

[TIMESTAMP] "run-name" TERMINATED

>>> print_requests
{
  "body": {
    "job_id": [NUMID]
  },
  "method": "POST",
  "path": "/api/2.2/jobs/run-now"
}

>>> musterr [CLI] bundle run my_job --only non_existent_task
Error: task "non_existent_task" not found in job "my_job"

Exit code (musterr): 1

>>> musterr [CLI] bundle run my_job --only non_existent_task,task_1
Error: task "non_existent_task" not found in job "my_job"

Exit code (musterr): 1

>>> [CLI] bundle run my_job --only task1.table1,task2>,task3>table3
Run URL: [DATABRICKS_URL]/job/run/[NUMID]

[TIMESTAMP] "run-name" TERMINATED

>>> print_requests
{
  "body": {
    "job_id": [NUMID],
    "only": [
      "task1.table1",
      "task2>",
      "task3>table3"
    ]
  },
  "method": "POST",
  "path": "/api/2.2/jobs/run-now"
}
