
>>> which python
[TMPDIR]/.venv/bin/python

>>> [CLI] bundle init default-python --config-file ./input.json --output-dir .

Welcome to the default Python template for Databricks Asset Bundles!
Workspace to use (auto-detected, edit in 'my_default_python_[UNIQUE_NAME]/databricks.yml'): [DATABRICKS_URL]

âœ¨ Your new project has been created in the 'my_default_python_[UNIQUE_NAME]' directory!

Please refer to the README.md file for "getting started" instructions.
See also the documentation at https://docs.databricks.com/dev-tools/bundles/index.html.

>>> [CLI] bundle validate -t dev
Name: my_default_python_[UNIQUE_NAME]
Target: dev
Workspace:
  Host: [DATABRICKS_URL]
  User: [USERNAME]
  Path: /Workspace/Users/[USERNAME]/.bundle/my_default_python_[UNIQUE_NAME]/dev

Validation OK!

>>> [CLI] bundle validate -t dev -o json

>>> [CLI] bundle deploy -t dev
Building python_artifact...
Uploading my_default_python_pzbz7rhrtjds5asgf5x6ogxdhm-0.0.1+[NUMBER].[NUMBER]-py3-none-any.whl...
Uploading bundle files to /Workspace/Users/[USERNAME]/.bundle/my_default_python_[UNIQUE_NAME]/dev/files...
Error: exit status 1

Error: failed to read schema for databricks_pipeline.my_default_python_[UNIQUE_NAME]_pipeline in registry.terraform.io/databricks/databricks: failed to instantiate provider "registry.terraform.io/databricks/databricks" to obtain schema: Unrecognized remote plugin message: 

This usually means that the plugin is either invalid or simply
needs to be recompiled to support the latest protocol.




>>> [CLI] bundle destroy -t dev --auto-approve
Error: exit status 1

Error: failed to read schema for databricks_pipeline.my_default_python_[UNIQUE_NAME]_pipeline in registry.terraform.io/databricks/databricks: failed to instantiate provider "registry.terraform.io/databricks/databricks" to obtain schema: Unrecognized remote plugin message: 

This usually means that the plugin is either invalid or simply
needs to be recompiled to support the latest protocol.



Exit code: 1
