
=== install pipelines cli
>>> [CLI] install-pipelines-cli -d ./subdir
pipelines successfully installed in directory "./subdir"

=== deploy pipeline
>>> [CLI] bundle deploy
Uploading bundle files to /Workspace/Users/[USERNAME]/.bundle/test-pipeline-run-[UNIQUE_NAME]/default/files...
Deploying resources...
Updating deployment state...
Deployment complete!

>>> print_requests
{
  "body": {
    "channel": "CURRENT",
    "deployment": {
      "kind": "BUNDLE",
      "metadata_file_path": "/Workspace/Users/[USERNAME]/.bundle/test-pipeline-run-[UNIQUE_NAME]/default/state/metadata.json"
    },
    "edition": "ADVANCED",
    "libraries": [
      {
        "file": {
          "path": "/Workspace/Users/[USERNAME]/.bundle/test-pipeline-run-[UNIQUE_NAME]/default/files/pipeline_file.py"
        }
      }
    ],
    "name": "test-pipeline-[UNIQUE_NAME]"
  },
  "method": "POST",
  "path": "/api/2.0/pipelines"
}
pipelines my_pipeline id='[UUID]' name='test-pipeline-[UNIQUE_NAME]'

=== run pipeline
>>> ./subdir/pipelines run my_pipeline
Update URL: [DATABRICKS_URL]/#joblist/pipelines/[UUID]/updates/[UUID]


>>> print_requests
{
  "body": {},
  "method": "POST",
  "path": "/api/2.0/pipelines/[UUID]/updates"
}
pipelines my_pipeline id='[UUID]' name='test-pipeline-[UNIQUE_NAME]'

=== Fetch pipeline ID and verify remote state
>>> [CLI] pipelines get [UUID]
{
  "creator_user_name":"[USERNAME]",
  "last_modified":[UNIX_TIME_MILLIS],
  "name":"test-pipeline-[UNIQUE_NAME]",
  "pipeline_id":"[UUID]",
  "run_as_user_name":"[USERNAME]",
  "spec": {
    "channel":"CURRENT",
    "deployment": {
      "kind":"BUNDLE",
      "metadata_file_path":"/Workspace/Users/[USERNAME]/.bundle/test-pipeline-run-[UNIQUE_NAME]/default/state/metadata.json"
    },
    "edition":"ADVANCED",
    "id":"[UUID]",
    "libraries": [
      {
        "file": {
          "path":"/Workspace/Users/[USERNAME]/.bundle/test-pipeline-run-[UNIQUE_NAME]/default/files/pipeline_file.py"
        }
      }
    ],
    "name":"test-pipeline-[UNIQUE_NAME]",
    "storage":"dbfs:/pipelines/[UUID]"
  },
  "state":"IDLE"
}

=== Destroy the pipeline and verify that it's removed from the state and from remote
>>> [CLI] bundle destroy --auto-approve
The following resources will be deleted:
  delete pipeline my_pipeline

All files and directories at the following location will be deleted: /Workspace/Users/[USERNAME]/.bundle/test-pipeline-run-[UNIQUE_NAME]/default

Deleting files...
Destroy complete!

>>> print_requests
{
  "method": "DELETE",
  "path": "/api/2.0/pipelines/[UUID]"
}
State not found for pipelines.my_pipeline

>>> musterr [CLI] pipelines get [UUID]
Error: The specified pipeline [UUID] was not found.

Exit code (musterr): 1
