
=== Command should exit if the instance is not available
>>> musterr [CLI] psql database-starting
Instance: database-starting (provisioned)
Instance status: STARTING
Please retry when the instance becomes available
Error: database instance is not ready for accepting connections

>>> musterr [CLI] psql database-updating
Instance: database-updating (provisioned)
Instance status: UPDATING
Please retry when the instance becomes available
Error: database instance is not ready for accepting connections

>>> musterr [CLI] psql database-stopped
Instance: database-stopped (provisioned)
Instance status: STOPPED
Error: database instance is not ready for accepting connections

>>> musterr [CLI] psql database-failing-over
Instance: database-failing-over (provisioned)
Instance status: FAILING_OVER
Please retry when the instance becomes available
Error: database instance is not ready for accepting connections

>>> musterr [CLI] psql database-deleting
Instance: database-deleting (provisioned)
Instance status: DELETING
Error: database instance is not ready for accepting connections
