
=== create a folder
>>> [CLI] workspace mkdirs /Users/[USERNAME]/[UNIQUE_NAME]

=== upload a file
>>> [CLI] workspace import /Users/[USERNAME]/[UNIQUE_NAME]/hello.txt --format AUTO --file ./hello.txt

=== list the folder
>>> [CLI] workspace list /Users/[USERNAME]/[UNIQUE_NAME] --output json
{
  "path": "/Users/[USERNAME]/[UNIQUE_NAME]/hello.txt",
  "object_type": "FILE"
}

=== stat the file
>>> [CLI] workspace get-status /Users/[USERNAME]/[UNIQUE_NAME]/hello.txt
{
  "path": "/Users/[USERNAME]/[UNIQUE_NAME]/hello.txt",
  "object_type": "FILE"
}

=== download the file
>>> [CLI] workspace export /Users/[USERNAME]/[UNIQUE_NAME]/hello.txt --format AUTO --file ./hello2.txt

>>> cat hello2.txt
hello, world

=== delete the file
>>> [CLI] workspace delete /Users/[USERNAME]/[UNIQUE_NAME]/hello.txt

=== stat the file again
>>> [CLI] workspace get-status /Users/[USERNAME]/[UNIQUE_NAME]/hello.txt
Error: Path (/Users/[USERNAME]/[UNIQUE_NAME]/hello.txt) doesn't exist.

Exit code: 1

=== list the folder
>>> [CLI] workspace list /Users/[USERNAME]/[UNIQUE_NAME]
ID  Type  Language  Path

=== delete the folder
>>> [CLI] workspace delete /Users/[USERNAME]/[UNIQUE_NAME]

=== list the folder again
>>> [CLI] workspace list /Users/[USERNAME]/[UNIQUE_NAME]
Error: Path (/Users/[USERNAME]/[UNIQUE_NAME]) doesn't exist.

Exit code: 1
