
>>> DATABRICKS_BUNDLE_ENGINE=terraform [CLI] bundle deploy
Uploading bundle files to /Workspace/Users/[USERNAME]/.bundle/test-bundle/default/files...
Deploying resources...
Updating deployment state...
Deployment complete!

>>> [CLI] bundle deployment migrate
Migrated 6 resources to direct engine state file: [TEST_TMP_DIR]/.databricks/bundle/default/resources.json
Validate the migration by running "bundle debug plan", there should be no actions planned.

The state file is not synchronized to the workspace yet. To do that and finalize the migration, run "bundle deploy".


>>> DATABRICKS_BUNDLE_ENGINE=terraform musterr [CLI] bundle plan
Error: Required engine "terraform" does not match present state files. Set required engine via "DATABRICKS_BUNDLE_ENGINE" env var.

Available state files:
- terraform.tfstate: remote terraform state serial=7 lineage="[UUID]"
- [TEST_TMP_DIR]/.databricks/bundle/default/resources.json: local direct state serial=8 lineage="[UUID]"


>>> DATABRICKS_BUNDLE_ENGINE=terraform musterr [CLI] bundle deploy
Error: Required engine "terraform" does not match present state files. Set required engine via "DATABRICKS_BUNDLE_ENGINE" env var.

Available state files:
- terraform.tfstate: remote terraform state serial=7 lineage="[UUID]"
- [TEST_TMP_DIR]/.databricks/bundle/default/resources.json: local direct state serial=8 lineage="[UUID]"


>>> DATABRICKS_BUNDLE_ENGINE=direct [CLI] bundle plan
Plan: 0 to add, 0 to change, 0 to delete, 6 unchanged

>>> DATABRICKS_BUNDLE_ENGINE= [CLI] bundle plan
Plan: 0 to add, 0 to change, 0 to delete, 6 unchanged

>>> print_requests.py --get //unity-catalog/permissions

>>> DATABRICKS_BUNDLE_ENGINE= [CLI] bundle deploy
Uploading bundle files to /Workspace/Users/[USERNAME]/.bundle/test-bundle/default/files...
Deploying resources...
Updating deployment state...
Deployment complete!

>>> print_requests.py --get //unity-catalog/permissions

=== Should show that it's already migrated
>>> musterr [CLI] bundle deployment migrate
Error: already using direct engine
Details: [TEST_TMP_DIR]/.databricks/bundle/default/resources.json: local direct state serial=8 lineage="[UUID]"

>>> DATABRICKS_BUNDLE_ENGINE= [CLI] bundle debug states
[TEST_TMP_DIR]/.databricks/bundle/default/resources.json: local direct state serial=8 lineage="[UUID]"

>>> DATABRICKS_BUNDLE_ENGINE= [CLI] bundle debug states --force-pull
terraform.tfstate: remote terraform state serial=7 lineage="[UUID]"
resources.json: remote direct state serial=8 lineage="[UUID]"
[TEST_TMP_DIR]/.databricks/bundle/default/resources.json: local direct state serial=8 lineage="[UUID]"
