
>>> [CLI] bundle deploy
Uploading bundle files to /Workspace/Users/[USERNAME]/.bundle/test-bundle/default/files...
Deploying resources...
Updating deployment state...
Deployment complete!

>>> print_requests
{
  "method": "POST",
  "path": "/api/2.1/unity-catalog/volumes",
  "body": {
    "catalog_name": "main",
    "comment": "COMMENT1",
    "name": "myvolume",
    "schema_name": "myschema",
    "volume_type": "MANAGED"
  }
}

=== Summary should now show id and url
{
  "volumes": {
    "volume1": {
      "catalog_name": "main",
      "comment": "COMMENT1",
      "id": "main.myschema.myvolume",
      "name": "myvolume",
      "schema_name": "myschema",
      "url": "[DATABRICKS_URL]/explore/data/volumes/main/myschema/myvolume?o=[NUMID]",
      "volume_type": "MANAGED"
    }
  }
}

=== Update name
>>> update_file.py databricks.yml myschema mynewschema

>>> [CLI] bundle plan
Plan: 1 to add, 0 to change, 1 to delete, 1 unchanged
recreate volumes.volume1

>>> [CLI] bundle deploy --auto-approve
Uploading bundle files to /Workspace/Users/[USERNAME]/.bundle/test-bundle/default/files...

This action will result in the deletion or recreation of the following volumes.
For managed volumes, the files stored in the volume are also deleted from your
cloud tenant within 30 days. For external volumes, the metadata about the volume
is removed from the catalog, but the underlying files are not deleted:
  recreate volume volume1
Deploying resources...
Updating deployment state...
Deployment complete!

>>> print_requests
{
  "method": "DELETE",
  "path": "/api/2.1/unity-catalog/volumes/main.myschema.myvolume"
}
{
  "method": "POST",
  "path": "/api/2.1/unity-catalog/volumes",
  "body": {
    "catalog_name": "main",
    "comment": "COMMENT1",
    "name": "myvolume",
    "schema_name": "mynewschema",
    "volume_type": "MANAGED"
  }
}

>>> musterr [CLI] volumes read main.myschema.myvolume
Error: Resource catalog.VolumeInfo not found: main.myschema.myvolume

Exit code (musterr): 1

>>> [CLI] volumes read main.myschema.mynewvolume
Error: Resource catalog.VolumeInfo not found: main.myschema.mynewvolume

Exit code: 1
