
>>> [CLI] bundle deploy
Uploading bundle files to /Workspace/Users/[USERNAME]/.bundle/test-pipeline-run-flags/default/files...
Deploying resources...
Updating deployment state...
Deployment complete!

=== test --refresh-all flag
>>> errcode [PIPELINES] run my_pipeline --refresh-all
Error: No stub found for pattern: POST /api/2.0/pipelines/[UUID]/updates

Exit code: 1

=== test --refresh flag with specific tables
>>> errcode [PIPELINES] run my_pipeline --refresh table1,table2
Error: No stub found for pattern: POST /api/2.0/pipelines/[UUID]/updates

Exit code: 1

=== test --full-refresh-all flag
>>> errcode [PIPELINES] run my_pipeline --full-refresh-all
Error: No stub found for pattern: POST /api/2.0/pipelines/[UUID]/updates

Exit code: 1

=== test --full-refresh flag with specific tables
>>> errcode [PIPELINES] run my_pipeline --full-refresh table1,table2
Error: No stub found for pattern: POST /api/2.0/pipelines/[UUID]/updates

Exit code: 1
<EOL>
