
>>> [PIPELINES] deploy
Uploading bundle files to /Workspace/Users/[USERNAME]/.bundle/test-pipeline-run-flags/default/files...
Deploying resources...
Updating deployment state...
Deployment complete!
View your pipeline my_pipeline here: [DATABRICKS_URL]/pipelines/[UUID]?o=[NUMID]

=== Running pipeline with --refresh flag and specific tables
>>> [PIPELINES] run --refresh table1,table2
Update URL: [DATABRICKS_URL]/#joblist/pipelines/[UUID]/updates/[UUID]

Update ID: [UUID]
<<<<<<< HEAD
<<<<<<< HEAD
Update for pipeline completed successfully.
Pipeline configurations for this update:
• All tables are refreshed
=======
>>>>>>> b4830c3a6 (print update it)
=======
Warn: Failed to fetch events for update [UUID]: failed to get next event: The specified pipeline events was not found.
State: COMPLETED
Creation Time: 1970-01-01T00:00:00Z
Full Refresh: NO
Validate Only: NO
Pipeline Spec: (No config available)

>>>>>>> 17a9a6908 (rebase)

>>> print_requests
{
  "body": {
    "refresh_selection": [
      "table1",
      "table2"
    ]
  },
  "method": "POST",
  "path": "/api/2.0/pipelines/[UUID]/updates"
}

=== Running pipeline with --full-refresh-all flag
>>> [PIPELINES] run --full-refresh-all
Update URL: [DATABRICKS_URL]/#joblist/pipelines/[UUID]/updates/[UUID]

Update ID: [UUID]
<<<<<<< HEAD
<<<<<<< HEAD
Update for pipeline completed successfully.
Pipeline configurations for this update:
• All tables are refreshed
=======
>>>>>>> b4830c3a6 (print update it)
=======
Warn: Failed to fetch events for update [UUID]: failed to get next event: The specified pipeline events was not found.
State: COMPLETED
Creation Time: 1970-01-01T00:00:00Z
Full Refresh: NO
Validate Only: NO
Pipeline Spec: (No config available)

>>>>>>> 17a9a6908 (rebase)

>>> print_requests
{
  "body": {
    "full_refresh": true
  },
  "method": "POST",
  "path": "/api/2.0/pipelines/[UUID]/updates"
}

=== Running pipeline with --full-refresh flag and specific tables
>>> [PIPELINES] run --full-refresh table1,table2
Update URL: [DATABRICKS_URL]/#joblist/pipelines/[UUID]/updates/[UUID]

Update ID: [UUID]
<<<<<<< HEAD
<<<<<<< HEAD
Update for pipeline completed successfully.
Pipeline configurations for this update:
• All tables are refreshed
=======
>>>>>>> b4830c3a6 (print update it)
=======
Warn: Failed to fetch events for update [UUID]: failed to get next event: The specified pipeline events was not found.
State: COMPLETED
Creation Time: 1970-01-01T00:00:00Z
Full Refresh: NO
Validate Only: NO
Pipeline Spec: (No config available)

>>>>>>> 17a9a6908 (rebase)

>>> print_requests
{
  "body": {
    "full_refresh_selection": [
      "table1",
      "table2"
    ]
  },
  "method": "POST",
  "path": "/api/2.0/pipelines/[UUID]/updates"
}

=== Running pipeline with --full-refresh flag and --refresh flag
>>> [PIPELINES] run --full-refresh table1,table2 --refresh table3,table4
Update URL: [DATABRICKS_URL]/#joblist/pipelines/[UUID]/updates/[UUID]

Update ID: [UUID]
<<<<<<< HEAD
<<<<<<< HEAD
Update for pipeline completed successfully.
Pipeline configurations for this update:
• All tables are refreshed
=======
>>>>>>> b4830c3a6 (print update it)
=======
Warn: Failed to fetch events for update [UUID]: failed to get next event: The specified pipeline events was not found.
State: COMPLETED
Creation Time: 1970-01-01T00:00:00Z
Full Refresh: NO
Validate Only: NO
Pipeline Spec: (No config available)

>>>>>>> 17a9a6908 (rebase)

>>> print_requests
{
  "body": {
    "full_refresh_selection": [
      "table1",
      "table2"
    ],
    "refresh_selection": [
      "table3",
      "table4"
    ]
  },
  "method": "POST",
  "path": "/api/2.0/pipelines/[UUID]/updates"
}
